// Jest Snapshot v1, https://goo.gl/fbAQLP

exports[`Panel should render correctly 1`] = `
<div
  className="panel panel-default"
>
  <div
    className="panel-heading"
  >
    <h2>
      test title
    </h2>
  </div>
  <div
    className="panel-body"
  >
    <p>
      panel content
    </p>
  </div>
</div>
`;
