// Jest Snapshot v1, https://goo.gl/fbAQLP

exports[`FieldInput should render correctly 1`] = `
<input
  className="form-control field-input"
  data-test="field--input"
  label="test-label"
  name="test-name"
  onChange={[MockFunction]}
/>
`;
