// Jest Snapshot v1, https://goo.gl/fbAQLP

exports[`Icon should render correctly 1`] = `
<span
  className="ca-gov-icon-test text"
/>
`;
