// Jest Snapshot v1, https://goo.gl/fbAQLP

exports[`MainContent should render correctly 1`] = `
<LayoutBase
  baseClass="main-content"
  className="test-class"
  id="main-content"
  tag="div"
>
  test-children
</LayoutBase>
`;
