// Jest Snapshot v1, https://goo.gl/fbAQLP

exports[`Overlay should render correctly 1`] = `
<div
  className="overlay"
  onClick={[MockFunction]}
  onKeyPress={[MockFunction]}
  role="presentation"
/>
`;
