// Jest Snapshot v1, https://goo.gl/fbAQLP

exports[`Card should render correctly 1`] = `
<div
  className="card  card-default"
>
  <Icon
    className="dismiss-icon"
    data-test="button-dismiss"
    name="close-mark"
    onClick={[MockFunction]}
    tag="span"
  />
  <div
    className="card-header"
  >
    <TestHeader />
  </div>
  <div
    className="card-block"
  >
    <TestChild />
  </div>
  <div
    className="card-footer"
  >
    <TestFooter />
  </div>
</div>
`;
