// Jest Snapshot v1, https://goo.gl/fbAQLP

exports[`LinkButton should render correctly 1`] = `
<Button
  className=""
  href="http://www.google.com"
  tag="a"
  target="_blank"
  text="test text"
  type="button"
  variant=""
/>
`;
