// Jest Snapshot v1, https://goo.gl/fbAQLP

exports[`Button should render correctly 1`] = `
<button
  className="btn"
  type="button"
>
  test text
</button>
`;
