// Jest Snapshot v1, https://goo.gl/fbAQLP

exports[`LinkButton should render correctly 1`] = `
<Button
  active={false}
  baseClass="btn"
  className=""
  href="http://www.google.com"
  iconProps={null}
  tag="a"
  target="_blank"
  text="test text"
  type=""
  variant=""
/>
`;
