// Jest Snapshot v1, https://goo.gl/fbAQLP

exports[`A should render correctly 1`] = `
<a
  href="http://www.google.com"
  target="_blank"
>
  link text
</a>
`;
